// Vitest Snapshot v1, https://vitest.dev/guide/snapshot.html

exports[`babel-plugin > Should add harmony data tags to arrow and function components 1`] = `
"import React from "react";
import { cn } from "@formbricks/lib/cn";
import { TSurveySummary } from "@formbricks/types/responses";
import { TSurvey } from "@formbricks/types/surveys";
const StatCard: React.FunctionComponent<{
  label: string;
  percentage: string;
  value: React.ReactNode;
  tooltipText: string;
  className?: string;
}> = (...harmonyArguments) => {
  let {
    label,
    percentage,
    value,
    className
  } = harmonyArguments[0];
  return <div className={cn("flex cursor-default flex-col items-start justify-between space-y-2 rounded-lg border border-slate-200 bg-white p-4 text-left shadow-sm", className)} data-harmony-id="SGFybW9ueS9wYWNrYWdlcy9iYWJlbC1wbHVnaW4vdGVzdC50c3g6MTU6NDoyNjoxMA==" data-harmony-parent-id={typeof harmonyArguments !== "undefined" ? harmonyArguments[0]?.["data-harmony-id"] : null}>
    <p className="flex text-sm text-slate-600" data-harmony-id="SGFybW9ueS9wYWNrYWdlcy9iYWJlbC1wbHVnaW4vdGVzdC50c3g6MTk6NDoyNDo4" data-harmony-parent-id={typeof harmonyArguments !== "undefined" ? harmonyArguments[0]?.["data-harmony-id"] : null}>
        {label}
        {percentage && percentage !== "NaN%" && <span className="ml-1 rounded-xl bg-slate-100 px-2 py-1 text-xs" data-harmony-id="SGFybW9ueS9wYWNrYWdlcy9iYWJlbC1wbHVnaW4vdGVzdC50c3g6MjI6ODoyMjo5Mg==" data-harmony-parent-id={typeof harmonyArguments !== "undefined" ? harmonyArguments[0]?.["data-harmony-id"] : null}>{percentage}</span>}
    </p>
    <p className="px-0.5 text-2xl font-bold text-slate-800" data-harmony-id="SGFybW9ueS9wYWNrYWdlcy9iYWJlbC1wbHVnaW4vdGVzdC50c3g6MjU6NDoyNTo3MQ==" data-harmony-parent-id={typeof harmonyArguments !== "undefined" ? harmonyArguments[0]?.["data-harmony-id"] : null}>{value}</p>
    </div>;
};
export default function SummaryMetadata(...harmonyArguments) {
  let {
    surveySummary
  }: SummaryMetadataProps = harmonyArguments[0];
  const {
    completedPercentage,
    completedResponses,
    displayCount,
    startsPercentage,
    totalResponses
  } = surveySummary;
  return <div className="flex flex-col-reverse gap-y-2 py-4 lg:flex-row lg:gap-x-2" data-harmony-id="SGFybW9ueS9wYWNrYWdlcy9iYWJlbC1wbHVnaW4vdGVzdC50c3g6MzQ6NDo1MzoxMA==" data-harmony-parent-id={typeof harmonyArguments !== "undefined" ? harmonyArguments[0]?.["data-harmony-id"] : null}>
        <StatCard label="Displays" percentage="100%" value={displayCount === 0 ? <span data-harmony-id="SGFybW9ueS9wYWNrYWdlcy9iYWJlbC1wbHVnaW4vdGVzdC50c3g6Mzg6MzY6Mzg6NTA=" data-harmony-parent-id={typeof harmonyArguments !== "undefined" ? harmonyArguments[0]?.["data-harmony-id"] : null}>-</span> : displayCount} tooltipText="Number of times the survey has been viewed." data-harmony-id="SGFybW9ueS9wYWNrYWdlcy9iYWJlbC1wbHVnaW4vdGVzdC50c3g6MzU6ODo0MDoxMA==" data-harmony-parent-id={typeof harmonyArguments !== "undefined" ? harmonyArguments[0]?.["data-harmony-id"] : null} />
        <StatCard label="Starts" percentage={\`\${Math.round(startsPercentage)}%\`} value={totalResponses === 0 ? <span data-harmony-id="SGFybW9ueS9wYWNrYWdlcy9iYWJlbC1wbHVnaW4vdGVzdC50c3g6NDQ6Mzg6NDQ6NTI=" data-harmony-parent-id={typeof harmonyArguments !== "undefined" ? harmonyArguments[0]?.["data-harmony-id"] : null}>-</span> : totalResponses} tooltipText="Number of times the survey has been started." data-harmony-id="SGFybW9ueS9wYWNrYWdlcy9iYWJlbC1wbHVnaW4vdGVzdC50c3g6NDE6ODo0NjoxMA==" data-harmony-parent-id={typeof harmonyArguments !== "undefined" ? harmonyArguments[0]?.["data-harmony-id"] : null} />
        <StatCard label="Responses" percentage={\`\${Math.round(completedPercentage)}%\`} value={completedResponses === 0 ? <span data-harmony-id="SGFybW9ueS9wYWNrYWdlcy9iYWJlbC1wbHVnaW4vdGVzdC50c3g6NTA6NDI6NTA6NTY=" data-harmony-parent-id={typeof harmonyArguments !== "undefined" ? harmonyArguments[0]?.["data-harmony-id"] : null}>-</span> : completedResponses} tooltipText="Number of times the survey has been completed." data-harmony-id="SGFybW9ueS9wYWNrYWdlcy9iYWJlbC1wbHVnaW4vdGVzdC50c3g6NDc6ODo1MjoxMA==" data-harmony-parent-id={typeof harmonyArguments !== "undefined" ? harmonyArguments[0]?.["data-harmony-id"] : null} />
    </div>;
}"
`;

exports[`babel-plugin > Should not visit multiple jsx when nested function calls 1`] = `
"const App = (...harmonyArguments) => {
  let {
    map
  }: {
    map: string[];
  } = harmonyArguments[0];
  return <div data-harmony-id="SGFybW9ueS9wYWNrYWdlcy9iYWJlbC1wbHVnaW4vdGVzdC50c3g6MjoxNTo1OjE0" data-harmony-parent-id={typeof harmonyArguments !== "undefined" ? harmonyArguments[0]?.["data-harmony-id"] : null}>
            <h1 data-harmony-id="SGFybW9ueS9wYWNrYWdlcy9iYWJlbC1wbHVnaW4vdGVzdC50c3g6MzoxMjozOjMy" data-harmony-parent-id={typeof harmonyArguments !== "undefined" ? harmonyArguments[0]?.["data-harmony-id"] : null}>Hello world</h1>
            {map.map((...harmonyArguments) => {
      let str = harmonyArguments[0];
      return <div key={str} data-harmony-id="SGFybW9ueS9wYWNrYWdlcy9iYWJlbC1wbHVnaW4vdGVzdC50c3g6NDoyODo0OjU0" data-harmony-parent-id={typeof harmonyArguments !== "undefined" ? harmonyArguments[0]?.["data-harmony-id"] : null}>{str}</div>;
    })}
        </div>;
};"
`;
